// Jest Snapshot v1, https://goo.gl/fbAQLP

exports[`Wallet renders correctly 1`] = `
<div
  className="ui form"
>
  <div
    className="inline fields"
  >
    <div
      className="five wide field"
    >
      <input
        className="input-wallet"
        onChange={[Function]}
        placeholder="Amount"
        type="text"
      />
    </div>
    <div
      className="five wide field"
    >
      <button
        className="ui primary basic button btn-deposit"
        onClick={[Function]}
      >
        Deposit
      </button>
      <button
        className="ui secondary basic button btn-withdraw"
        onClick={[Function]}
      >
        Withdraw
      </button>
    </div>
  </div>
</div>
`;
