// Jest Snapshot v1, https://goo.gl/fbAQLP

exports[`App renders properly 1`] = `
<div
  className="app-container"
>
  <div
    className="app-wallet"
  >
    <div
      className="ui card"
    >
      <div
        className="content"
      >
        <div
          className="header title"
        >
          My Wallet App!
        </div>
      </div>
      <div
        className="extra content"
      >
        <h3
          className="balance"
        >
          Wallet Balance: 
          <span
            className="ui small header"
          >
            20
          </span>
        </h3>
      </div>
      <div
        className="content"
      >
        <Connect(Wallet) />
      </div>
      <div
        className="extra content"
      >
        <Connect(BitcoinBalance) />
      </div>
    </div>
  </div>
</div>
`;
